#
# FT, Fisher Test	[2]Sample	[3]Control	[4]Chrom	[5]Pos	[6]smpl.nREF	[7]smpl.nALT	[8]ctrl.nREF	[9]ctrl.nALT	[10]P-value
FT	NA12890	NA12892	22	16051249	4	3	55	0	9.254363e-04
FT	NA12890	NA12892	22	16051347	2	4	43	0	7.079613e-05
FT	NA12890	NA12891	22	16051453	5	4	39	0	6.475486e-04
FT	NA12890	NA12892	22	16051453	5	4	47	0	3.430532e-04
FT	NA12890	NA12892	22	16051497	0	8	44	0	1.328836e-09
FT	NA12890	NA12892	22	16053659	0	9	30	0	4.718870e-09
FT	NA12890	NA12892	22	16053791	4	4	32	0	7.659481e-04
FT	NA12890	NA12892	22	16055942	0	7	31	0	7.923770e-08
FT	NA12890	NA12892	22	16056126	2	6	27	0	1.725030e-05
FT	NA12890	NA12891	22	16058415	9	0	0	37	9.076747e-10
FT	NA12890	NA12891	22	16058463	1	8	40	0	1.995662e-08
FT	NA12890	NA12892	22	16058463	1	8	45	0	8.649972e-09
FT	NA12890	NA12891	22	16058758	2	8	19	0	1.048427e-05
FT	NA12890	NA12892	22	16058758	2	8	34	0	2.539036e-07
FT	NA12890	NA12891	22	16058766	11	0	0	4	7.326007e-04
FT	NA12890	NA12892	22	16058852	0	3	36	0	1.094212e-04
FT	NA12890	NA12891	22	16059081	6	0	0	35	2.224007e-07
FT	NA12890	NA12891	22	16059734	1	9	23	0	2.592884e-07
FT	NA12890	NA12892	22	16059734	1	9	31	0	2.854341e-08
FT	NA12890	NA12891	22	16059753	9	0	0	19	1.447828e-07
FT	NA12890	NA12891	22	16060178	5	0	1	20	9.121313e-05
# SN, Summary Numbers	[2]Number of Pairs	[3]Number of Sites	[4]Number of comparisons	[5]P-value output threshold
SN	2	36	72	1.000000e-03
