>1:2-501
TACCATATGTGACATATAAAAAAGAACATAACCTACGTATCAACTAAAGTGGTTGTTTGC
AGAAAAGGAAGACTTAAAAAGAGTCAGTACTAACCTACATAATATATACAATGTTCATTA
AATAATAAAATGAGCTCATCATACTTAGGTCATCATAAATATATCTGAAATTCACAAATA
TTGATCAAATGGTAAAATAGACAAGTAGATTTTAATAGGTTAAACAATTACTGATTCTCT
TGAAAGAATAAATTTAATATGAGACCTATTTCATTATAATGAACTCACAAATTAGAAACT
TCACACTGGGGGCTGGAGAGATGGCTCAGTAGTTAAGAACACTGACTGCTCTTCTGAAGG
TCCTGAGTTCAAATCCCAGCAACCACATGGTGACTTACAACCATCTGTAATGACATCTGA
TGCCCTCTGGTGTGTCTGAAGACAGCTACAGTGTACTTACATAAAATAATAAATAAATCT
TTAAAAACAAAAAAAAAGAA
>2
GAAGATCTTTTCCTTATTAAGGATCTGAAGCTCTGTAGATTTGTATTCTATTAAACATGG
AGAGATTAGTGATTTTCCATATTCTTTAAGTCATTTTAGAGTAATGTGTTCTTAAGATAA
ATCAGAAAAACAAAAACTTGTGCTTTCCTGTTTGAAAAACAAACAGCTGTGGGGAATGGT
GTCGGGACAGCCTTTTTATAAAATTTTTCTAAATAATGTTGAGGCTTTGATACGTCAAAG
TTATATTTCAAATGGAATCACTTAGACCTCGTTTCTGAGTGTCAATGGCCATATTGGGGA
TTTGCTGCTGCCAATGACAGCACACCCTGGGAATGCCCCAACTACTTACTACAAAGCAGT
GTTACATGGAGAAGATCTTCAAGAGTCTTTTTGCTAGATCTTTCCTTGGCTTTTGATGTG
ACTCCTCTCAATAAAATCCACAGTAATATAGTGAGTGGTCTCCTGCTCCAAACCAGTATT
TCAGACACAGTTAATCCAGAC
