>1
CTACCATATGTGACATATAAAAAAGAACATAACCTACGTATCAACTAAAGTGGTTGTTA
>2
CCTACCATATGTGACATATAAAAAAGAACATAACCTACGTATCAACTAAAGTGGTTGTTA
>3
CCCTACCATATGTGACATATAAAAAAGAACATAACCTACGTATCAACTAAAGTGGTTGTT
A
>4
CCCCTACCATATGTGACATATAAAAAAGAACATAACCTACGTATCAACTAAAGTGGTTGT
TA
