>1
CTACCATATGTGACATATAAAAAAGAACATAACCTACGTATCAACTAAAGTGGTTGTTCA
A
>2
CCTACCATATGTGACATATAAAAAAGAACATAACCTACGTATCAACTAAAGTGGTTGTTC
AA
>3
CCCTACCATATGTGACATATAAAAAAGAACATAACCTACGTATCAACTAAAGTGGTTGTT
CAA
>4
CCCCTACCATATGTGACATATAAAAAAGAACATAACCTACGTATCAACTAAAGTGGTTGT
TCAA
