##fileformat=VCFv4.1
##FILTER=<ID=PASS,Description="All filters passed">
##INFO=<ID=TEST,Number=1,Type=Integer,Description="Testing Tag">
##FORMAT=<ID=TT,Number=A,Type=Integer,Description="Testing Tag, with commas and \"escapes\" and escaped escapes combined with \\\"quotes\\\\\"">
##INFO=<ID=DP4,Number=4,Type=Integer,Description="# high-quality ref-forward bases, ref-reverse, alt-forward and alt-reverse bases">
##FORMAT=<ID=GT,Number=1,Type=String,Description="Genotype">
##FORMAT=<ID=GQ,Number=1,Type=Integer,Description="Genotype Quality">
##FORMAT=<ID=DP,Number=1,Type=Integer,Description="Read Depth">
##FORMAT=<ID=GL,Number=G,Type=Float,Description="Genotype Likelihood">
##FILTER=<ID=q10,Description="Quality below 10">
##FILTER=<ID=test,Description="Testing filter">
##contig=<ID=1,assembly=b37,length=249250621>
##contig=<ID=2,assembly=b37,length=249250621>
##contig=<ID=3,assembly=b37,length=198022430>
##contig=<ID=4,assembly=b37,length=191154276>
##reference=file:///lustre/scratch105/projects/g1k/ref/main_project/human_g1k_v37.fasta
##readme=AAAAAA
##readme=BBBBBB
##INFO=<ID=AC,Number=A,Type=Integer,Description="Allele count in genotypes">
##INFO=<ID=AN,Number=1,Type=Integer,Description="Total number of alleles in called genotypes">
##INFO=<ID=INDEL,Number=0,Type=Flag,Description="Indicates that the variant is an INDEL.">
##INFO=<ID=STR,Number=1,Type=String,Description="Test string type">
#CHROM	POS	ID	REF	ALT	QUAL	FILTER	INFO	FORMAT	A	B	2:A	2:B
1	3000000	.	C	G	59.2	PASS	AN=4;AC=2	GT:GQ	./.:.	./.:.	0/1:245	0/1:245
1	3000000	.	C	CCG	59.2	PASS	AN=4;AC=2	GT:GQ	0/1:245	0/1:245	./.:.	./.:.
1	3000150	.	C	A,G	59.2	PASS	AN=8;AC=2,2	GT:GQ	0/1:245	0/1:245	0/2:245	0/2:245
1	3000151	.	C	A,G	59.2	PASS	AN=8;AC=2,2	GT:DP:GQ	0/1:32:245	0/1:32:245	0/2:32:245	0/2:32:245
1	3106154	.	C	A,T	59.2	PASS	AN=8;AC=2,2	GT:GQ:DP	0/1:245:32	0/1:245:32	0/2:245:32	0/2:245:32
1	3106154	.	C	CC,CCC	342	PASS	AN=8;AC=2,2	GT:GQ:DP	0/1:245:32	0/1:245:32	0/2:245:32	0/2:245:32
1	3200000	.	C	T	59.2	PASS	AN=8;AC=4	GT:GQ:DP	0/1:245:32	0/1:245:32	0/1:245:32	0/1:245:32
1	3200010	.	C	T,A	59.2	PASS	AN=8;AC=2,2	GT:GQ:DP	0/1:245:32	0/1:245:32	0/2:245:32	0/2:245:32
1	3200020	.	C	G,T	59.2	PASS	AN=0;AC=0,0	GT:GL	./.:1,2,3,4,5,6	.:1,2,3	./.:1,2,3,4,5,6	.:1,2,3
