##fileformat=VCFv4.2
##FILTER=<ID=PASS,Description="All filters passed">
##reference=file:///lustre/scratch105/projects/g1k/ref/main_project/human_g1k_v37.fasta
##contig=<ID=3,length=243199373>
##contig=<ID=2,length=243199373>
##contig=<ID=1,length=243199373>
##contig=<ID=4,length=243199373>
##contig=<ID=8,length=243199373>
##contig=<ID=5,length=243199373>
##contig=<ID=6,length=243199373>
##contig=<ID=7,length=243199373>
##INFO=<ID=QS,Number=R,Type=Float,Description="Auxiliary tag used for calling">
##FORMAT=<ID=PL,Number=G,Type=Integer,Description="List of Phred-scaled genotype likelihoods">
##FORMAT=<ID=DP,Number=1,Type=Integer,Description="Number of high-quality bases">
##FORMAT=<ID=DV,Number=1,Type=Integer,Description="Number of high-quality non-reference bases">
##INFO=<ID=END,Number=1,Type=Integer,Description="End position of the variant described in this record">
##INFO=<ID=MinDP,Number=1,Type=Integer,Description="Minimum per-sample depth in this gVCF block">
#CHROM	POS	ID	REF	ALT	QUAL	FILTER	INFO	FORMAT	AAA	BBB	CCC
2	21444416	.	G	<*>	.	.	END=21444427;MinDP=5;QS=1,0	PL:DP	0,15,125:5	.:.	.:.
2	21444428	.	C	<*>	.	.	END=21444429;MinDP=2;QS=2,0	PL:DP	0,15,125:5	0,6,51:2	.:.
2	21444430	.	TCAA	T,TAA,<*>	0	.	MinDP=2;QS=1.60366,0.304878,0.0914634,0	PL:DP:DV	37,0,79,35,73,113,.,.,.,.:5:2	0,.,.,.,.,.,6,.,.,51:2:.	.:.:.
2	21444431	.	C	<*>	.	.	MinDP=4;QS=1,0	PL:DP	0,12,110:4	.:.	.:.
2	21444431	.	CA	C,CAAACAAAAAA	0	.	QS=0.75,0.25,1	PL:DP:DV	0,4,10,.,.,.:4:1	28,.,.,3,.,0:1:1	.:.:.
2	21444433	.	C	<*>	0	.	END=21444444;QS=0.75,0.25	PL:DP:DV	0,4,10:4:1	.:.:.	.:.:.
3	1	.	C	<*>	0	.	END=4;MinDP=33;QS=0.75,0.25	PL:DP:DV	0,4,10:4:1	.:.:.	.:.:.
3	5	.	C	<*>,T	0	.	MinDP=33;QS=1.5,0.25,0.25	PL:DP:DV	0,4,10,.,.,.:4:1	0,.,.,4,.,10:4:1	.:.:.
3	6	.	N	<*>	0	.	END=10;MinDP=33;QS=0.75,0.25	PL:DP:DV	0,4,10:4:1	.:.:.	.:.:.
1	1619670	.	C	<*>	0	.	END=1619782;MinDP=33;QS=0.75,0.25	PL:DP:DV	0,4,10:4:1	.:.:.	.:.:.
1	1619783	.	C	<*>	0	.	END=1619787;MinDP=33;QS=0.75,1.25	PL:DP:DV	0,4,10:4:1	28,3,0:1:1	.:.:.
1	1619788	.	G	<*>,GAAAAAAA	0	.	MinDP=33;QS=0.75,0.25,1	PL:DP:DV	0,4,10,.,.,.:4:1	28,.,.,3,.,0:1:1	.:.:.
1	1619789	.	N	<*>	0	.	END=1619877;MinDP=33;QS=0.75,0.25	PL:DP:DV	0,4,10:4:1	.:.:.	.:.:.
4	20000975	.	C	<*>	0	.	END=20001021;MinDP=33;QS=0.75,0.25	PL:DP:DV	0,4,10:4:1	.:.:.	.:.:.
4	20001022	.	C	<*>	0	.	END=20001070;MinDP=33;QS=1.5,0.5	PL:DP:DV	0,4,10:4:1	0,4,10:4:1	.:.:.
4	20001071	.	T	G,<*>	0	.	QS=0.75,0.25,0	PL:DP:DV	0,4,10:4:1	0,4,10,35,73,113:4:1	.:.:.
5	110285	.	T	C,<*>	.	.	.	PL	.	114,0,15,35,73,113	.
5	110285	.	TAACCCC	T	.	.	.	PL	89,6,0	.	.
5	1110285	.	T	C,<*>	.	.	.	PL	.	114,0,15,35,73,113	.
5	1110285	.	T	TAACCCC	.	.	.	PL	89,6,0	.	.
6	600	.	T	A	.	.	END=609	PL	66,1,1	.	.
6	610	.	T	A	.	.	.	PL	66,1,1	66,2,1	.
6	611	.	N	A	.	.	END=619	PL	66,1,1	.	.
6	620	.	T	A	.	.	END=625	PL	66,1,1	66,2,2	.
6	626	.	N	A	.	.	END=629	PL	66,1,1	.	.
6	630	.	T	A	.	.	.	PL	66,1,1	66,2,3	.
6	631	.	N	A	.	.	END=666	PL	66,1,1	.	.
7	701	.	T	A	.	.	.	PL	77,1,1	77,2,1	.
7	702	.	T	A	.	.	.	PL	77,1,1	77,2,2	.
7	703	.	T	A	.	.	.	PL	77,1,2	77,2,2	.
7	704	.	N	A	.	.	END=777	PL	77,1,2	.	.
8	1	.	T	A	.	.	END=2	PL	88,1,1	.	.
8	3	.	T	A	.	.	END=5	PL	88,1,1	88,2,1	88,3,1
8	6	.	N	A	.	.	END=7	PL	88,1,1	88,2,1	.
8	8	.	N	A	.	.	END=10	PL	88,1,1	.	.
