3062915 -20,-5,-20 -10,-5,-20
3062915 -20,-5,-20,-20,-5,-20 -10,-5,-20,-20,-5,-20
3062915 -20,-5,-20 -10,-5,-20
