3062915 G C,T
3184885 TAAAA TA,T
3199812 G GTT,GT
3212016 CTT C,CT
