1	145075172	G	A	intron	PDE4DIP	.	protein_coding	.	.	.	145075172	2
