##fileformat=VCFv4.1
##FILTER=<ID=PASS,Description="All filters passed">
##reference=file:///seq/references/1000Genomes-NCBI37.fasta
##contig=<ID=11,length=135006516>
##contig=<ID=20,length=63025520>
##contig=<ID=X,length=155270560>
##contig=<ID=Y,length=59373566>
##INFO=<ID=DP,Number=1,Type=Integer,Description="Raw read depth">
##INFO=<ID=DP4,Number=4,Type=Integer,Description="# high-quality ref-forward bases, ref-reverse, alt-forward and alt-reverse bases">
##INFO=<ID=Dels,Number=1,Type=Float,Description="Fraction of reads containing spanning deletions">
##INFO=<ID=FS,Number=1,Type=Float,Description="Phred-scaled p-value using Fisher's exact test to detect strand bias">
##INFO=<ID=HRun,Number=1,Type=Integer,Description="Largest contiguous homopolymer run of variant allele in either direction">
##INFO=<ID=HWE,Number=1,Type=Float,Description="Hardy-Weinberg equilibrium test (PMID:15789306)">
##INFO=<ID=ICF,Number=1,Type=Float,Description="Inbreeding coefficient F">
##INFO=<ID=INDEL,Number=0,Type=Flag,Description="Indicates that the variant is an INDEL.">
##INFO=<ID=IS,Number=2,Type=Float,Description="Maximum number of reads supporting an indel and fraction of indel reads">
##INFO=<ID=MQ,Number=1,Type=Integer,Description="Root-mean-square mapping quality of covering reads">
##INFO=<ID=MQ0,Number=1,Type=Integer,Description="Total mapping quality zero reads">
##INFO=<ID=PV4,Number=4,Type=Float,Description="P-values for strand bias, baseQ bias, mapQ bias and tail distance bias">
##INFO=<ID=QD,Number=1,Type=Float,Description="Variant confidence/quality by depth">
##INFO=<ID=AC,Number=A,Type=Integer,Description="Allele count in genotypes">
##INFO=<ID=AN,Number=1,Type=Integer,Description="Total number of alleles in called genotypes">
##FILTER=<ID=StrandBias,Description="Min P-value for strand bias (INFO/PV4) [0.0001]">
##FILTER=<ID=BaseQualBias,Description="Min P-value for baseQ bias (INFO/PV4) [1e-100]">
##FILTER=<ID=MapQualBias,Description="Min P-value for mapQ bias (INFO/PV4) [0]">
##FILTER=<ID=EndDistBias,Description="Min P-value for end distance bias (INFO/PV4) [0.0001]">
##FILTER=<ID=MinAB,Description="Minimum number of alternate bases (INFO/DP4) [2]">
#CHROM	POS	ID	REF	ALT	QUAL	FILTER	INFO
11	2343543	.	A	.	999	PASS	DP=100223
20	126310	.	ACC	A	999	StrandBias;EndDistBias	DP4=125718,95950,113812,80890;DP=461867;HWE=0.24036;ICF=0.01738;INDEL;IS=374,0.937343;MQ=49;PV4=9e-30,1,0,3.8e-13;QD=0.0172;AN=6;AC=4
20	271225	.	T	TTTA,TA	999	StrandBias	DP4=29281,42401,27887,29245;DP=272732;INDEL;IS=95,0.748031;MQ=47;PV4=0,1,0,1;QD=0.0948;AN=6;AC=2,2
20	326891	.	A	AC	999	PASS	DP4=125718,95950,113812,80890;DP=461867;HWE=0.24036;ICF=0.01738;INDEL;IS=374,0.937343;MQ=49;PV4=9e-30,1,0,3.8e-13;QD=0.0172;AN=4;AC=2
