##fileformat=VCFv4.2
##FILTER=<ID=PASS,Description="All filters passed">
##reference=file:///seq/references/1000GenomesPilot-NCBI36.fasta
##contig=<ID=20,length=62435964,assembly=B36,md5=f126cdf8a6e0c7f379d618ff66beb2da,species="Homo sapiens",taxonomy=x>
##INFO=<ID=NS,Number=1,Type=Integer,Description="Number of Samples With Data">
##INFO=<ID=DP,Number=1,Type=Integer,Description="Total Depth">
#CHROM	POS	ID	REF	ALT	QUAL	FILTER	INFO
20	14370	rs6054257	G	A	29	PASS	NS=3;DP=14
20	17330	.	T	A	3	PASS	NS=3;DP=11
20	1110696	rs6040355	A	G,T	67	PASS	NS=2;DP=10
20	1230237	.	T	.	47	PASS	NS=3;DP=13
20	1234567	microsat1	GTC	G,GTCT	50	PASS	NS=3;DP=9
