20	1230237	.	T	G	47	PASS	NS=3;DP=13;AA=T;ANNOVAR_DATE=2015-06-17;Func.refGene=intronic;Gene.refGene=RAD21L1;GeneDetail.refGene=.;ExonicFunc.refGene=.;AAChange.refGene=.;Func.ensGene=intronic;Gene.ensGene=ENSG00000244588;GeneDetail.ensGene=.;ExonicFunc.ensGene=.;AAChange.ensGene=.;esp6500si_ea=.;esp6500si_all=.;1000g2012apr_eur=.;1000g2012apr_all=.;snp138=.;LJB2_SIFT=.;LJB2_PolyPhen2_HDIV=.;LJB2_PP2_HDIV_Pred=.;LJB2_PolyPhen2_HVAR=.;LJB2_PolyPhen2_HVAR_Pred=.;LJB2_LRT=.;LJB2_LRT_Pred=.;LJB2_MutationTaster=.;LJB2_MutationTaster_Pred=.;LJB_MutationAssessor=.;LJB_MutationAssessor_Pred=.;LJB2_FATHMM=.;LJB2_GERP++=.;LJB2_PhyloP=.;LJB2_SiPhy=.;ALLELE_END	GT:GQ:DP:HQ	0|0:54:7:56,60	0|0:48:4:51,51	0/0:61:2:.
20	1230288	.	T	.	50	PASS	NS=3;DP=13;AA=T;ANNOVAR_DATE=2015-06-17;Func.refGene=intronic;Gene.refGene=RAD21L1;GeneDetail.refGene=.;ExonicFunc.refGene=.;AAChange.refGene=.;Func.ensGene=intronic;Gene.ensGene=ENSG00000244588;GeneDetail.ensGene=.;ExonicFunc.ensGene=.;AAChange.ensGene=.;esp6500si_ea=.;esp6500si_all=.;1000g2012apr_eur=.;1000g2012apr_all=.;snp138=.;LJB2_SIFT=.;LJB2_PolyPhen2_HDIV=.;LJB2_PP2_HDIV_Pred=.;LJB2_PolyPhen2_HVAR=.;LJB2_PolyPhen2_HVAR_Pred=.;LJB2_LRT=.;LJB2_LRT_Pred=.;LJB2_MutationTaster=.;LJB2_MutationTaster_Pred=.;LJB_MutationAssessor=.;LJB_MutationAssessor_Pred=.;LJB2_FATHMM=.;LJB2_GERP++=.;LJB2_PhyloP=.;LJB2_SiPhy=.;ALLELE_END	GT:GQ:DP:HQ	0|0:54:7:56,60	0|0:48:4:51,51	0/0:61:2:.
