# This file can be used as input to the subset plotting tools at:
#   https://github.com/dlaehnemann/bankers2
# Genotype intersections across samples:
@SMPS NA00003 NA00002 NA00001
# Subset intersection counts are in global banker's sequence order.
#   After exclusive sample counts in order of the SMPS-line, banker's sequence continues with:
#   NA00003,NA00002   NA00003,NA00001   ...
# [1] Number of shared non-ref genotypes
9
4
5
1
0
8
1
