20	14370	rs6054257	G	A	29	PASS	NS=3;DP=14
20	17330	.	T	A	3	PASS	NS=3;DP=11
20	1110696	rs6040355	A	G,T	67	PASS	NS=2;DP=10
20	1230237	.	T	.	47	PASS	NS=3;DP=13
20	1234567	microsat1	GTC	G,GTCT	50	PASS	NS=3;DP=9
