5507	G	GC	frameshift|CD207|ENST00000410009|protein_coding|-|25EPPPK..329>25GASSQ..94|5507G>GC,splice_region|CD207|ENST00000410009|protein_coding
