chr1:193463  DNM=0 . . 	AD=2,7 3,0 5,0 	QS=120,420 111,0 185,0 	VAF=78 0 0 	VA=1 . . 
chr1:10000057  DNM=0 . . 	AD=30,30 0,26 0,26 	QS=1116,1116 0,921 0,921 	VAF=50 0 0 	VA=0 . . 
chr1:10000057  DNM=-0.0953102 . . 	AD=0,30 0,26 38,0 	QS=0,1116 0,921 1364,0 	VAF=100 100 0 	VA=1 . . 
chr1:10697377  DNM=-5.01188e-10 . . 	AD=4,10 0,61 0,69 	QS=240,566 0,3553 0,409 	VAF=29 0 0 	VA=0 . . 
chr1:141907033  DNM=-inf . . 	AD=53,8 79,0 128,7 	QS=2673,257 3268,0 5087,438 	VAF=13 0 5 	VA=1 . . 
chrX:10000804  DNM=-9.99997e-10 . . 	AD=5,19 7,9 10,0 	QS=174,671 255,323 370,0 	VAF=79 56 0 	VA=1 . . 
chrX:53198529  DNM=0 . . 	AD=28,22,0 49,0,0 69,0,1 	QS=1282,963,0 2342,0,0 2728,0,11 	VAF=44 0 0 	VA=1 . . 
chrX:101841247  DNM=-20.5271 . . 	AD=27,36 31,0 69,9 	QS=108,712 310,0 828,90 	VAF=57 0 12 	VA=1 . . 
chrX:141907033  DNM=-5.98923 . . 	AD=53,8 79,0 128,7 	QS=2673,257 3268,0 5087,238 	VAF=13 0 5 	VA=1 . . 
